// Jest Snapshot v1, https://goo.gl/fbAQLP

exports[`testing for the UI of HomePage 1`] = `
"<div class=\\"home-page\\">
  <h2>Welcome To Maths Magicians</h2>
  <p><span>This is a single Page Application for all maths-lovers </span><span>this page allows mathematicians perform some of their daily and basic calculation</span><span> exrercises and also read a Mathematics quote. We hope you enjoy it!!!</span></p>
</div>"
`;
